[net_client 4] loaded X=(3774, 154), connecting to 10.0.0.1:8080, malicious=False
[93mWARNING [0m:   DEPRECATED FEATURE: flwr.client.start_client() is deprecated.
	Instead, use the `flower-supernode` CLI command to start a SuperNode as shown below:

		$ flower-supernode --insecure --superlink='<IP>:<PORT>'

	To view all available options, run:

		$ flower-supernode --help

	Using `start_client()` is deprecated.

            This is a deprecated feature. It will be removed
            entirely in future versions of Flower.
        
[92mINFO [0m:      
[92mINFO [0m:      Received: train message 1081f800-1c1c-47ac-b5a5-5b2848855c7b
[92mINFO [0m:      Sent reply
[92mINFO [0m:      
[92mINFO [0m:      Received: evaluate message 65946dc8-7379-4ce5-8b70-fafeb501c325
[92mINFO [0m:      Sent reply
[92mINFO [0m:      
[92mINFO [0m:      Received: train message 8f71fe34-273a-479b-b1c3-93a4a6cca68f
[92mINFO [0m:      Sent reply
[92mINFO [0m:      
[92mINFO [0m:      Received: evaluate message b65465ad-c4b4-4e3c-a696-c8a3095e0e80
[92mINFO [0m:      Sent reply
[92mINFO [0m:      
[92mINFO [0m:      Received: train message 96644699-52e2-4364-822d-995c0255107e
[92mINFO [0m:      Sent reply
[92mINFO [0m:      
[92mINFO [0m:      Received: evaluate message 2bc23435-10fa-4a99-afa3-3ec9b06bc4df
[92mINFO [0m:      Sent reply
[92mINFO [0m:      
[92mINFO [0m:      Received: train message 3a8fed9f-7f01-41b3-96ee-70e914e5ab23
[92mINFO [0m:      Sent reply
[92mINFO [0m:      
[92mINFO [0m:      Received: evaluate message 45d97b75-5279-435d-a781-cf31bde12be5
[92mINFO [0m:      Sent reply
[92mINFO [0m:      
[92mINFO [0m:      Received: train message f66fd6f3-1a87-49f6-9ca8-722ac6d84d56
[92mINFO [0m:      Sent reply
[92mINFO [0m:      
[92mINFO [0m:      Received: evaluate message e8a0b074-1bbe-47fc-af96-fd234e84781c
[92mINFO [0m:      Sent reply
[92mINFO [0m:      
[92mINFO [0m:      Received: train message 9c5d10bb-ec47-43e5-9b92-f178d1a01f27
[92mINFO [0m:      Sent reply
[92mINFO [0m:      
[92mINFO [0m:      Received: evaluate message b3b8e3dc-a4ac-4e06-9b4c-7c05d915929e
[92mINFO [0m:      Sent reply
[92mINFO [0m:      
[92mINFO [0m:      Received: train message ce865c3a-c183-4c8a-8030-637c279a67ac
[92mINFO [0m:      Sent reply
[92mINFO [0m:      
[92mINFO [0m:      Received: evaluate message 0d23ac5b-09a1-46f1-991b-a3a6be19d876
[92mINFO [0m:      Sent reply
[92mINFO [0m:      
[92mINFO [0m:      Received: train message 452792e5-45d7-409b-839c-13cac3a83cc1
[92mINFO [0m:      Sent reply
[92mINFO [0m:      
[92mINFO [0m:      Received: evaluate message fde628e3-0659-489a-afdf-e4d352bc6c74
[92mINFO [0m:      Sent reply
[92mINFO [0m:      
[92mINFO [0m:      Received: train message 64f30aa2-644b-4506-ae07-cd46244af12d
[92mINFO [0m:      Sent reply
[92mINFO [0m:      
[92mINFO [0m:      Received: evaluate message 1bd74c2a-1616-4aff-81ee-721230def90e
[92mINFO [0m:      Sent reply
[92mINFO [0m:      
[92mINFO [0m:      Received: train message 93018890-ff0f-46e0-a7b8-3d3147cae7e2
[92mINFO [0m:      Sent reply
[92mINFO [0m:      
[92mINFO [0m:      Received: evaluate message e49064c0-90cc-48cb-819b-48e7f50e2946
[92mINFO [0m:      Sent reply
[92mINFO [0m:      
[92mINFO [0m:      Received: train message 14f0e5d5-3743-42d8-b615-bc9086624e13
[92mINFO [0m:      Sent reply
[92mINFO [0m:      
[92mINFO [0m:      Received: evaluate message c91c40b5-a49a-43a0-91ea-96007ddf07dd
[92mINFO [0m:      Sent reply
[92mINFO [0m:      
[92mINFO [0m:      Received: train message 33615483-b740-4e7a-a6d8-8b49f49e7064
[92mINFO [0m:      Sent reply
[92mINFO [0m:      
[92mINFO [0m:      Received: evaluate message b6ddeec6-5760-4d6a-8add-661130717128
[92mINFO [0m:      Sent reply
[92mINFO [0m:      
[92mINFO [0m:      Received: train message 9d9f374d-58b6-4743-be3f-d1862a0ef56d
[92mINFO [0m:      Sent reply
[92mINFO [0m:      
[92mINFO [0m:      Received: evaluate message 68a9ad57-ea4f-4e36-9e3e-99657b24bef2
[92mINFO [0m:      Sent reply
[92mINFO [0m:      
[92mINFO [0m:      Received: train message 2c85da41-93b8-4df9-b57f-98df08be40bb
[92mINFO [0m:      Sent reply
[92mINFO [0m:      
[92mINFO [0m:      Received: evaluate message 14727bcd-c5bd-466b-bb83-8e62089beac3
[92mINFO [0m:      Sent reply
[92mINFO [0m:      
[92mINFO [0m:      Received: train message 0b3334ef-1c12-4ba1-95f5-f108f3088b52
[92mINFO [0m:      Sent reply
[92mINFO [0m:      
[92mINFO [0m:      Received: evaluate message be248c90-0c2b-4120-b583-97e5a1f551b1
[92mINFO [0m:      Sent reply
[92mINFO [0m:      
[92mINFO [0m:      Received: train message 5efc2f08-831d-4d08-b642-81610cde889a
[92mINFO [0m:      Sent reply
[92mINFO [0m:      
[92mINFO [0m:      Received: evaluate message bdc6353e-5119-40a4-9d66-f41db391a819
[92mINFO [0m:      Sent reply
[92mINFO [0m:      
[92mINFO [0m:      Received: train message df9e98bd-b45f-4e33-8c54-ac7531393297
[92mINFO [0m:      Sent reply
[92mINFO [0m:      
[92mINFO [0m:      Received: evaluate message a5bdffed-25fc-455c-b010-c0a92883e7af
[92mINFO [0m:      Sent reply
[92mINFO [0m:      
[92mINFO [0m:      Received: train message ad739948-c8c0-445a-bc43-dbfe7876013d
[92mINFO [0m:      Sent reply
[92mINFO [0m:      
[92mINFO [0m:      Received: evaluate message cffdedb0-8d05-4e80-89b5-672225731ec1
[92mINFO [0m:      Sent reply
[92mINFO [0m:      
[92mINFO [0m:      Received: train message 051d2a5f-1517-4292-b344-8460a17b8f79
[92mINFO [0m:      Sent reply
[92mINFO [0m:      
[92mINFO [0m:      Received: evaluate message 5e6fed90-491d-4193-8235-78020b151004
[92mINFO [0m:      Sent reply
[92mINFO [0m:      
[92mINFO [0m:      Received: train message 3f1373f7-c015-421f-8aae-418128da2da1
[92mINFO [0m:      Sent reply
[92mINFO [0m:      
[92mINFO [0m:      Received: evaluate message 6ba04b54-53df-42f0-94b8-b0107bcc5601
[92mINFO [0m:      Sent reply
[92mINFO [0m:      
[92mINFO [0m:      Received: reconnect message c216cdb8-8e39-491c-9c6c-a7f4d1f8805d
[92mINFO [0m:      Disconnect and shut down
[net_client 4] RUN_COMPLETE
