[net_client 1] loaded X=(6554, 154), connecting to 10.0.0.1:8080, malicious=True
[93mWARNING [0m:   DEPRECATED FEATURE: flwr.client.start_client() is deprecated.
	Instead, use the `flower-supernode` CLI command to start a SuperNode as shown below:

		$ flower-supernode --insecure --superlink='<IP>:<PORT>'

	To view all available options, run:

		$ flower-supernode --help

	Using `start_client()` is deprecated.

            This is a deprecated feature. It will be removed
            entirely in future versions of Flower.
        
[92mINFO [0m:      
[92mINFO [0m:      Received: train message 9365409e-8da7-4c21-9107-0f650d31db98
[92mINFO [0m:      Sent reply
[92mINFO [0m:      
[92mINFO [0m:      Received: evaluate message 2a10564d-9d75-4047-8ecf-f35c752f46a6
[92mINFO [0m:      Sent reply
[92mINFO [0m:      
[92mINFO [0m:      Received: train message 299d6250-1050-444f-9f9d-6a33d5864b47
[92mINFO [0m:      Sent reply
[92mINFO [0m:      
[92mINFO [0m:      Received: evaluate message 8d596dfd-5053-4fe8-b998-19f9d60847ed
[92mINFO [0m:      Sent reply
[92mINFO [0m:      
[92mINFO [0m:      Received: train message b8f39ae8-b459-4691-a918-559455e5f119
[92mINFO [0m:      Sent reply
[92mINFO [0m:      
[92mINFO [0m:      Received: evaluate message 1f4f7851-96dd-443d-86db-67f908a45fa0
[92mINFO [0m:      Sent reply
[92mINFO [0m:      
[92mINFO [0m:      Received: train message 91e24113-5014-42b1-b825-abd8a0ad56b2
[92mINFO [0m:      Sent reply
[92mINFO [0m:      
[92mINFO [0m:      Received: evaluate message e7536c5c-49ee-4e6d-9c34-bef277af4b98
[92mINFO [0m:      Sent reply
[92mINFO [0m:      
[92mINFO [0m:      Received: train message 284680d6-ccd7-4a3d-81bc-2f1ceb6517f3
[92mINFO [0m:      Sent reply
[92mINFO [0m:      
[92mINFO [0m:      Received: evaluate message f8e16ba3-fde2-4624-adf7-b43ad8a5d2e2
[92mINFO [0m:      Sent reply
[92mINFO [0m:      
[92mINFO [0m:      Received: train message bb7e88f5-f16a-4663-8c6a-30c69193df35
[92mINFO [0m:      Sent reply
[92mINFO [0m:      
[92mINFO [0m:      Received: evaluate message f15cdbb3-641e-4b6c-97c3-182e6dd2286b
[92mINFO [0m:      Sent reply
[92mINFO [0m:      
[92mINFO [0m:      Received: train message f4e7e15a-5366-491b-aa24-7d8da1e86b9c
[92mINFO [0m:      Sent reply
[92mINFO [0m:      
[92mINFO [0m:      Received: evaluate message cf01c2be-eced-4072-b81b-294c3379e3b0
[92mINFO [0m:      Sent reply
[92mINFO [0m:      
[92mINFO [0m:      Received: train message 54b45775-a5e3-4e79-a806-eef44881293e
[92mINFO [0m:      Sent reply
[92mINFO [0m:      
[92mINFO [0m:      Received: evaluate message 22c46cca-3baa-4c1a-a497-b350a35416f0
[92mINFO [0m:      Sent reply
[92mINFO [0m:      
[92mINFO [0m:      Received: train message 31228896-b52a-485c-96f2-47b39999b220
[92mINFO [0m:      Sent reply
[92mINFO [0m:      
[92mINFO [0m:      Received: evaluate message 98d58fdc-892b-4f81-89fb-da477a9aaf5b
[92mINFO [0m:      Sent reply
[92mINFO [0m:      
[92mINFO [0m:      Received: train message e7b95684-450b-4956-a040-a0cae6d11164
[92mINFO [0m:      Sent reply
[92mINFO [0m:      
[92mINFO [0m:      Received: evaluate message 9cb8b2cd-c6f6-4ea0-af1a-e82becf755d2
[92mINFO [0m:      Sent reply
[92mINFO [0m:      
[92mINFO [0m:      Received: train message 2fe1e13b-82cb-4d2b-9914-71e8ea37ba7a
[92mINFO [0m:      Sent reply
[92mINFO [0m:      
[92mINFO [0m:      Received: evaluate message 7278bb6c-fc80-4471-94cb-9696af9c1471
[92mINFO [0m:      Sent reply
[92mINFO [0m:      
[92mINFO [0m:      Received: train message 74273b3c-31ba-47a3-9f32-a6515a6e551d
[92mINFO [0m:      Sent reply
[92mINFO [0m:      
[92mINFO [0m:      Received: evaluate message 8855ca34-2ac2-4a6d-8326-94c560279ee1
[92mINFO [0m:      Sent reply
[92mINFO [0m:      
[92mINFO [0m:      Received: train message 858425fd-602a-4d5a-941f-6d3d39d49cc7
[92mINFO [0m:      Sent reply
[92mINFO [0m:      
[92mINFO [0m:      Received: evaluate message 2fc8718b-0e5d-4884-87e3-d962ab128236
[92mINFO [0m:      Sent reply
[92mINFO [0m:      
[92mINFO [0m:      Received: train message cb171c87-5abd-4d3b-8711-f8bb83153cf0
[92mINFO [0m:      Sent reply
[92mINFO [0m:      
[92mINFO [0m:      Received: evaluate message fd6c583c-938b-4c1b-b7d6-76ac12369ed6
[92mINFO [0m:      Sent reply
[92mINFO [0m:      
[92mINFO [0m:      Received: train message fab003ee-3712-4cd4-8554-24de6a2af14e
[92mINFO [0m:      Sent reply
[92mINFO [0m:      
[92mINFO [0m:      Received: evaluate message 10262482-383c-4f74-b339-4aa9eba926ee
[92mINFO [0m:      Sent reply
[92mINFO [0m:      
[92mINFO [0m:      Received: train message 8e09a056-4f23-499b-b3ec-9fd3f6e1e89f
[92mINFO [0m:      Sent reply
[92mINFO [0m:      
[92mINFO [0m:      Received: evaluate message 6fc069fd-c29e-4ffd-b888-79aeb9221777
[92mINFO [0m:      Sent reply
[92mINFO [0m:      
[92mINFO [0m:      Received: train message a315927e-3c82-4074-84b2-c9b349e0a125
[92mINFO [0m:      Sent reply
[92mINFO [0m:      
[92mINFO [0m:      Received: evaluate message 558151c9-5d60-4bd3-a0ae-42bf3b619b0f
[92mINFO [0m:      Sent reply
[92mINFO [0m:      
[92mINFO [0m:      Received: train message fadba538-18cc-4285-8fbe-9a8b91b75f4c
[92mINFO [0m:      Sent reply
[92mINFO [0m:      
[92mINFO [0m:      Received: evaluate message 35cfaab2-90e7-4178-95f0-d76101574ff8
[92mINFO [0m:      Sent reply
[92mINFO [0m:      
[92mINFO [0m:      Received: train message 0cf20b11-c2b1-44d8-bd92-6bd039c687e6
[92mINFO [0m:      Sent reply
[92mINFO [0m:      
[92mINFO [0m:      Received: evaluate message 4bcdcec6-f564-47db-8214-2bd8adf0b85e
[92mINFO [0m:      Sent reply
[92mINFO [0m:      
[92mINFO [0m:      Received: train message 245a9940-b8ef-4b80-a813-d39b95588043
[92mINFO [0m:      Sent reply
[92mINFO [0m:      
[92mINFO [0m:      Received: evaluate message 61fe47e4-4c8e-404c-9266-bfa128065c6a
[92mINFO [0m:      Sent reply
[92mINFO [0m:      
[92mINFO [0m:      Received: reconnect message f9247554-707d-4641-98b5-a84229578500
[92mINFO [0m:      Disconnect and shut down
[net_client 1] RUN_COMPLETE
